[    0.000000] Initializing cgroup subsys cpuset
[    0.000000] Initializing cgroup subsys cpu
[    0.000000] Initializing cgroup subsys cpuacct
[    0.000000] Linux version 4.4.0-210-generic (buildd@lgw01-amd64-009) (gcc version 5.4.0 20160609 (Ubuntu 5.4.0-6ubuntu1~16.04.12) ) #242-Ubuntu SMP Fri Apr 16 09:57:56 UTC 2021 (Ubuntu 4.4.0-210.242-generic 4.4.262)
[    0.000000] Command line: BOOT_IMAGE=/boot/vmlinuz-4.4.0-210-generic root=LABEL=cloudimg-rootfs ro console=tty1 console=ttyS0
[    0.000000] KERNEL supported cpus:
[    0.000000]   Intel GenuineIntel
[    0.000000]   AMD AuthenticAMD
[    0.000000]   Centaur CentaurHauls
[    0.000000] x86/fpu: xstate_offset[2]:  576, xstate_sizes[2]:  256
[    0.000000] x86/fpu: Supporting XSAVE feature 0x01: 'x87 floating point registers'
[    0.000000] x86/fpu: Supporting XSAVE feature 0x02: 'SSE registers'
[    0.000000] x86/fpu: Supporting XSAVE feature 0x04: 'AVX registers'
[    0.000000] x86/fpu: Enabled xstate features 0x7, context size is 832 bytes, using 'standard' format.
[    0.000000] e820: BIOS-provided physical RAM map:
[    0.000000] BIOS-e820: [mem 0x0000000000000000-0x000000000009fbff] usable
[    0.000000] BIOS-e820: [mem 0x000000000009fc00-0x000000000009ffff] reserved
[    0.000000] BIOS-e820: [mem 0x00000000000f0000-0x00000000000fffff] reserved
[    0.000000] BIOS-e820: [mem 0x0000000000100000-0x000000003ffeffff] usable
[    0.000000] BIOS-e820: [mem 0x000000003fff0000-0x000000003fffffff] ACPI data
[    0.000000] BIOS-e820: [mem 0x00000000fec00000-0x00000000fec00fff] reserved
[    0.000000] BIOS-e820: [mem 0x00000000fee00000-0x00000000fee00fff] reserved
[    0.000000] BIOS-e820: [mem 0x00000000fffc0000-0x00000000ffffffff] reserved
[    0.000000] NX (Execute Disable) protection: active
[    0.000000] SMBIOS 2.5 present.
[    0.000000] Hypervisor detected: KVM
[    0.000000] e820: last_pfn = 0x3fff0 max_arch_pfn = 0x400000000
[    0.000000] MTRR: Disabled
[    0.000000] x86/PAT: MTRRs disabled, skipping PAT initialization too.
[    0.000000] CPU MTRRs all blank - virtualized system.
[    0.000000] x86/PAT: Configuration [0-7]: WB  WT  UC- UC  WB  WT  UC- UC  
[    0.000000] found SMP MP-table at [mem 0x0009fff0-0x0009ffff] mapped at [ffff88000009fff0]
[    0.000000] Scanning 1 areas for low memory corruption
[    0.000000] RAMDISK: [mem 0x362dc000-0x37165fff]
[    0.000000] ACPI: Early table checksum verification disabled
[    0.000000] ACPI: RSDP 0x00000000000E0000 000024 (v02 VBOX  )
[    0.000000] ACPI: XSDT 0x000000003FFF0030 00003C (v01 VBOX   VBOXXSDT 00000001 ASL  00000061)
[    0.000000] ACPI: FACP 0x000000003FFF00F0 0000F4 (v04 VBOX   VBOXFACP 00000001 ASL  00000061)
[    0.000000] ACPI: DSDT 0x000000003FFF0470 002325 (v02 VBOX   VBOXBIOS 00000002 INTL 20120111)
[    0.000000] ACPI: FACS 0x000000003FFF0200 000040
[    0.000000] ACPI: FACS 0x000000003FFF0200 000040
[    0.000000] ACPI: APIC 0x000000003FFF0240 00005C (v02 VBOX   VBOXAPIC 00000001 ASL  00000061)
[    0.000000] ACPI: SSDT 0x000000003FFF02A0 0001CC (v01 VBOX   VBOXCPUT 00000002 INTL 20120111)
[    0.000000] No NUMA configuration found
[    0.000000] Faking a node at [mem 0x0000000000000000-0x000000003ffeffff]
[    0.000000] NODE_DATA(0) allocated [mem 0x3ffeb000-0x3ffeffff]
[    0.000000] kvm-clock: Using msrs 4b564d01 and 4b564d00
[    0.000000] kvm-clock: cpu 0, msr 0:3ffe3001, primary cpu clock
[    0.000000] kvm-clock: using sched offset of 4325649986 cycles
[    0.000000] clocksource: kvm-clock: mask: 0xffffffffffffffff max_cycles: 0x1cd42e4dffb, max_idle_ns: 881590591483 ns
[    0.000000] Zone ranges:
[    0.000000]   DMA      [mem 0x0000000000001000-0x0000000000ffffff]
[    0.000000]   DMA32    [mem 0x0000000001000000-0x000000003ffeffff]
[    0.000000]   Normal   empty
[    0.000000]   Device   empty
[    0.000000] Movable zone start for each node
[    0.000000] Early memory node ranges
[    0.000000]   node   0: [mem 0x0000000000001000-0x000000000009efff]
[    0.000000]   node   0: [mem 0x0000000000100000-0x000000003ffeffff]
[    0.000000] Initmem setup node 0 [mem 0x0000000000001000-0x000000003ffeffff]
[    0.000000] ACPI: PM-Timer IO Port: 0x4008
[    0.000000] IOAPIC[0]: apic_id 2, version 32, address 0xfec00000, GSI 0-23
[    0.000000] ACPI: INT_SRC_OVR (bus 0 bus_irq 0 global_irq 2 dfl dfl)
[    0.000000] ACPI: INT_SRC_OVR (bus 0 bus_irq 9 global_irq 9 low level)
[    0.000000] Using ACPI (MADT) for SMP configuration information
[    0.000000] smpboot: Allowing 2 CPUs, 0 hotplug CPUs
[    0.000000] PM: Registered nosave memory: [mem 0x00000000-0x00000fff]
[    0.000000] PM: Registered nosave memory: [mem 0x0009f000-0x0009ffff]
[    0.000000] PM: Registered nosave memory: [mem 0x000a0000-0x000effff]
[    0.000000] PM: Registered nosave memory: [mem 0x000f0000-0x000fffff]
[    0.000000] e820: [mem 0x40000000-0xfebfffff] available for PCI devices
[    0.000000] Booting paravirtualized kernel on KVM
[    0.000000] clocksource: refined-jiffies: mask: 0xffffffff max_cycles: 0xffffffff, max_idle_ns: 7645519600211568 ns
[    0.000000] setup_percpu: NR_CPUS:512 nr_cpumask_bits:512 nr_cpu_ids:2 nr_node_ids:1
[    0.000000] PERCPU: Embedded 33 pages/cpu @ffff88003fc00000 s95192 r8192 d31784 u1048576
[    0.000000] Built 1 zonelists in Node order, mobility grouping on.  Total pages: 257912
[    0.000000] Policy zone: DMA32
[    0.000000] Kernel command line: BOOT_IMAGE=/boot/vmlinuz-4.4.0-210-generic root=LABEL=cloudimg-rootfs ro console=tty1 console=ttyS0
[    0.000000] PID hash table entries: 4096 (order: 3, 32768 bytes)
[    0.000000] Memory: 997792K/1048120K available (8644K kernel code, 1332K rwdata, 4044K rodata, 1492K init, 1164K bss, 50328K reserved, 0K cma-reserved)
[    0.000000] SLUB: HWalign=64, Order=0-3, MinObjects=0, CPUs=2, Nodes=1
[    0.000000] Kernel/User page tables isolation: enabled
[    0.000000] Hierarchical RCU implementation.
[    0.000000] 	Build-time adjustment of leaf fanout to 64.
[    0.000000] 	RCU restricting CPUs from NR_CPUS=512 to nr_cpu_ids=2.
[    0.000000] RCU: Adjusting geometry for rcu_fanout_leaf=64, nr_cpu_ids=2
[    0.000000] NR_IRQS:33024 nr_irqs:440 16
[    0.000000] Console: colour VGA+ 80x25
[    0.000000] console [tty1] enabled
[    0.000000] console [ttyS0] enabled
[    0.000000] tsc: Detected 2303.998 MHz processor
[    0.135612] Calibrating delay loop (skipped) preset value.. 4607.99 BogoMIPS (lpj=9215992)
[    0.137565] pid_max: default: 32768 minimum: 301
[    0.138566] ACPI: Core revision 20150930
[    0.139982] ACPI: 2 ACPI AML tables successfully acquired and loaded
[    0.141346] Security Framework initialized
[    0.142143] Yama: becoming mindful.
[    0.142882] AppArmor: AppArmor initialized
[    0.143731] Dentry cache hash table entries: 131072 (order: 8, 1048576 bytes)
[    0.145944] Inode-cache hash table entries: 65536 (order: 7, 524288 bytes)
[    0.147263] Mount-cache hash table entries: 2048 (order: 2, 16384 bytes)
[    0.148458] Mountpoint-cache hash table entries: 2048 (order: 2, 16384 bytes)
[    0.149805] Initializing cgroup subsys io
[    0.150593] Initializing cgroup subsys memory
[    0.151748] Initializing cgroup subsys devices
[    0.152700] Initializing cgroup subsys freezer
[    0.153564] Initializing cgroup subsys net_cls
[    0.154419] Initializing cgroup subsys perf_event
[    0.155343] Initializing cgroup subsys net_prio
[    0.156213] Initializing cgroup subsys hugetlb
[    0.157068] Initializing cgroup subsys pids
[    0.158990] mce: CPU supports 0 MCE banks
[    0.159800] Last level iTLB entries: 4KB 64, 2MB 8, 4MB 8
[    0.160804] Last level dTLB entries: 4KB 64, 2MB 0, 4MB 0, 1GB 4
[    0.162387] Spectre V1 : Mitigation: usercopy/swapgs barriers and __user pointer sanitization
[    0.164244] Spectre V2 : Mitigation: Full generic retpoline
[    0.165265] Spectre V2 : Spectre v2 / SpectreRSB mitigation: Filling RSB on context switch
[    0.166831] Speculative Store Bypass: Vulnerable
[    0.168155] SRBDS: Unknown: Dependent on hypervisor status
[    0.169727] MDS: Mitigation: Clear CPU buffers
[    0.172584] Freeing SMP alternatives memory: 36K
[    0.177968] ftrace: allocating 32380 entries in 127 pages
[    0.224691] smpboot: APIC(0) Converting physical 0 to logical package 0
[    0.226175] smpboot: Max logical packages: 1
[    0.227233] x2apic enabled
[    0.228062] Switched APIC routing to physical x2apic.
[    0.229797] ..TIMER: vector=0x30 apic1=0 pin1=2 apic2=-1 pin2=-1
[    0.338945] smpboot: CPU0: Intel(R) Core(TM) i9-9880H CPU @ 2.30GHz (family: 0x6, model: 0x9e, stepping: 0xd)
[    0.342124] Performance Events: unsupported p6 CPU model 158 no PMU driver, software events only.
[    0.350787] KVM setup paravirtual spinlock
[    0.352307] x86: Booting SMP configuration:
[    0.353741] .... node  #0, CPUs:      #1
[    0.354602] kvm-clock: cpu 1, msr 0:3ffe3041, secondary cpu clock
[    0.356467] mce: CPU supports 0 MCE banks
[    0.359011] x86: Booted up 1 node, 2 CPUs
[    0.359927] smpboot: Total of 2 processors activated (9215.99 BogoMIPS)
[    0.361335] devtmpfs: initialized
[    0.363420] evm: security.selinux
[    0.364090] evm: security.SMACK64
[    0.364753] evm: security.SMACK64EXEC
[    0.365465] evm: security.SMACK64TRANSMUTE
[    0.366683] evm: security.SMACK64MMAP
[    0.367624] evm: security.ima
[    0.368452] evm: security.capability
[    0.369418] clocksource: jiffies: mask: 0xffffffff max_cycles: 0xffffffff, max_idle_ns: 7645041785100000 ns
[    0.371174] futex hash table entries: 512 (order: 3, 32768 bytes)
[    0.372344] pinctrl core: initialized pinctrl subsystem
[    0.373410] RTC time: 14:31:33, date: 07/26/22
[    0.374347] NET: Registered protocol family 16
[    0.383910] cpuidle: using governor ladder
[    0.396726] cpuidle: using governor menu
[    0.399091] PCCT header not found.
[    0.400256] ACPI: bus type PCI registered
[    0.401194] acpiphp: ACPI Hot Plug PCI Controller Driver version: 0.5
[    0.403283] PCI: Using configuration type 1 for base access
[    0.416847] ACPI: Added _OSI(Module Device)
[    0.418613] ACPI: Added _OSI(Processor Device)
[    0.420315] ACPI: Added _OSI(3.0 _SCP Extensions)
[    0.421551] ACPI: Added _OSI(Processor Aggregator Device)
[    0.423705] ACPI: Executed 1 blocks of module-level executable AML code
[    0.426935] ACPI: Interpreter enabled
[    0.427849] ACPI: (supports S0 S5)
[    0.428694] ACPI: Using IOAPIC for interrupt routing
[    0.429885] PCI: Using host bridge windows from ACPI; if necessary, use "pci=nocrs" and report a bug
[    0.435854] ACPI: PCI Root Bridge [PCI0] (domain 0000 [bus 00-ff])
[    0.437124] acpi PNP0A03:00: _OSC: OS supports [ASPM ClockPM Segments MSI]
[    0.438723] acpi PNP0A03:00: _OSC: not requesting OS control; OS requires [ExtendedConfig ASPM ClockPM MSI]
[    0.440770] acpi PNP0A03:00: fail to add MMCONFIG information, can't access extended PCI configuration space under this bridge.
[    0.443128] PCI host bridge to bus 0000:00
[    0.443918] pci_bus 0000:00: root bus resource [io  0x0000-0x0cf7 window]
[    0.445082] pci_bus 0000:00: root bus resource [io  0x0d00-0xffff window]
[    0.446246] pci_bus 0000:00: root bus resource [mem 0x000a0000-0x000bffff window]
[    0.447666] pci_bus 0000:00: root bus resource [mem 0x40000000-0xfdffffff window]
[    0.449103] pci_bus 0000:00: root bus resource [bus 00-ff]
[    0.451996] pci 0000:00:01.1: legacy IDE quirk: reg 0x10: [io  0x01f0-0x01f7]
[    0.453211] pci 0000:00:01.1: legacy IDE quirk: reg 0x14: [io  0x03f6]
[    0.454343] pci 0000:00:01.1: legacy IDE quirk: reg 0x18: [io  0x0170-0x0177]
[    0.462316] pci 0000:00:01.1: legacy IDE quirk: reg 0x1c: [io  0x0376]
[    0.473346] pci 0000:00:07.0: quirk: [io  0x4000-0x403f] claimed by PIIX4 ACPI
[    0.475485] pci 0000:00:07.0: quirk: [io  0x4100-0x410f] claimed by PIIX4 SMB
[    0.482222] ACPI: PCI Interrupt Link [LNKA] (IRQs 5 9 10 *11)
[    0.484012] ACPI: PCI Interrupt Link [LNKB] (IRQs 5 9 *10 11)
[    0.485344] ACPI: PCI Interrupt Link [LNKC] (IRQs 5 *9 10 11)
[    0.486674] ACPI: PCI Interrupt Link [LNKD] (IRQs 5 9 10 *11)
[    0.488070] ACPI: Enabled 2 GPEs in block 00 to 07
[    0.489292] vgaarb: setting as boot device: PCI:0000:00:02.0
[    0.490894] vgaarb: device added: PCI:0000:00:02.0,decodes=io+mem,owns=io+mem,locks=none
[    0.492597] vgaarb: loaded
[    0.493178] vgaarb: bridge control possible 0000:00:02.0
[    0.494269] SCSI subsystem initialized
[    0.495077] ACPI: bus type USB registered
[    0.495881] usbcore: registered new interface driver usbfs
[    0.496862] usbcore: registered new interface driver hub
[    0.497818] usbcore: registered new device driver usb
[    0.500034] PCI: Using ACPI for IRQ routing
[    0.501492] NetLabel: Initializing
[    0.502345] NetLabel:  domain hash size = 128
[    0.503599] NetLabel:  protocols = UNLABELED CIPSOv4
[    0.504696] NetLabel:  unlabeled traffic allowed by default
[    0.505776] amd_nb: Cannot enumerate AMD northbridges
[    0.507228] clocksource: Switched to clocksource kvm-clock
[    0.513362] AppArmor: AppArmor Filesystem Enabled
[    0.514729] pnp: PnP ACPI init
[    0.516583] pnp: PnP ACPI: found 3 devices
[    0.524410] clocksource: acpi_pm: mask: 0xffffff max_cycles: 0xffffff, max_idle_ns: 2085701024 ns
[    0.526685] NET: Registered protocol family 2
[    0.527725] TCP established hash table entries: 8192 (order: 4, 65536 bytes)
[    0.529133] TCP bind hash table entries: 8192 (order: 5, 131072 bytes)
[    0.530276] TCP: Hash tables configured (established 8192 bind 8192)
[    0.531391] UDP hash table entries: 512 (order: 2, 16384 bytes)
[    0.532462] UDP-Lite hash table entries: 512 (order: 2, 16384 bytes)
[    0.533590] NET: Registered protocol family 1
[    0.534632] pci 0000:00:00.0: Limiting direct PCI/PCI transfers
[    0.535730] pci 0000:00:01.0: Activating ISA DMA hang workarounds
[    0.536935] Unpacking initramfs...
[    0.700288] Freeing initrd memory: 14888K
[    0.701560] clocksource: tsc: mask: 0xffffffffffffffff max_cycles: 0x2135f5e6f15, max_idle_ns: 440795231538 ns
[    0.703364] platform rtc_cmos: registered platform RTC device (no PNP device found)
[    0.705071] Scanning for low memory corruption every 60 seconds
[    0.706720] audit: initializing netlink subsys (disabled)
[    0.707761] audit: type=2000 audit(1658845899.391:1): initialized
[    0.709020] Initialise system trusted keyring
[    0.710828] HugeTLB registered 2 MB page size, pre-allocated 0 pages
[    0.712902] zbud: loaded
[    0.713705] VFS: Disk quotas dquot_6.6.0
[    0.714475] VFS: Dquot-cache hash table entries: 512 (order 0, 4096 bytes)
[    0.715981] squashfs: version 4.0 (2009/01/31) Phillip Lougher
[    0.717812] fuse init (API version 7.23)
[    0.719148] Key type big_key registered
[    0.720079] Allocating IMA MOK and blacklist keyrings.
[    0.721491] Key type asymmetric registered
[    0.722283] Asymmetric key parser 'x509' registered
[    0.723192] Block layer SCSI generic (bsg) driver version 0.4 loaded (major 249)
[    0.725043] io scheduler noop registered
[    0.725836] io scheduler deadline registered (default)
[    0.726783] io scheduler cfq registered
[    0.727599] pci_hotplug: PCI Hot Plug PCI Core version: 0.5
[    0.728600] pciehp: PCI Express Hot Plug Controller Driver version: 0.4
[    0.730021] ACPI: AC Adapter [AC] (on-line)
[    0.731340] input: Power Button as /devices/LNXSYSTM:00/LNXPWRBN:00/input/input0
[    0.733616] ACPI: Power Button [PWRF]
[    0.734935] input: Sleep Button as /devices/LNXSYSTM:00/LNXSLPBN:00/input/input1
[    0.736687] ACPI: Sleep Button [SLPF]
[    0.737625] GHES: HEST is not enabled!
[    0.738669] ACPI: Battery Slot [BAT0] (battery present)
[    0.739718] Serial: 8250/16550 driver, 32 ports, IRQ sharing enabled
[    0.760203] 00:02: ttyS0 at I/O 0x3f8 (irq = 4, base_baud = 115200) is a 16550A
[    0.762443] Linux agpgart interface v0.103
[    0.765710] loop: module loaded
[    0.766998] scsi host0: ata_piix
[    0.767744] scsi host1: ata_piix
[    0.768412] ata1: PATA max UDMA/33 cmd 0x1f0 ctl 0x3f6 bmdma 0xd000 irq 14
[    0.769591] ata2: PATA max UDMA/33 cmd 0x170 ctl 0x376 bmdma 0xd008 irq 15
[    0.770875] libphy: Fixed MDIO Bus: probed
[    0.771686] tun: Universal TUN/TAP device driver, 1.6
[    0.772594] tun: (C) 1999-2004 Max Krasnyansky <maxk@qualcomm.com>
[    0.773691] PPP generic driver version 2.4.2
[    0.774770] ehci_hcd: USB 2.0 'Enhanced' Host Controller (EHCI) Driver
[    0.776464] ehci-pci: EHCI PCI platform driver
[    0.777297] ehci-platform: EHCI generic platform driver
[    0.778242] ohci_hcd: USB 1.1 'Open' Host Controller (OHCI) Driver
[    0.779621] ohci-pci: OHCI PCI platform driver
[    0.780840] ohci-platform: OHCI generic platform driver
[    0.781792] uhci_hcd: USB Universal Host Controller Interface driver
[    0.782942] i8042: PNP: PS/2 Controller [PNP0303:PS2K,PNP0f03:PS2M] at 0x60,0x64 irq 1,12
[    0.784856] serio: i8042 KBD port at 0x60,0x64 irq 1
[    0.785774] serio: i8042 AUX port at 0x60,0x64 irq 12
[    0.787078] mousedev: PS/2 mouse device common for all mice
[    0.788481] input: AT Translated Set 2 keyboard as /devices/platform/i8042/serio0/input/input2
[    0.790350] rtc_cmos rtc_cmos: rtc core: registered rtc_cmos as rtc0
[    0.791512] rtc_cmos rtc_cmos: alarms up to one day, 114 bytes nvram
[    0.792628] i2c /dev entries driver
[    0.793343] device-mapper: uevent: version 1.0.3
[    0.794235] device-mapper: ioctl: 4.34.0-ioctl (2015-10-28) initialised: dm-devel@redhat.com
[    0.795833] ledtrig-cpu: registered to indicate activity on CPUs
[    0.797485] NET: Registered protocol family 10
[    0.798502] NET: Registered protocol family 17
[    0.799379] Key type dns_resolver registered
[    0.800316] registered taskstats version 1
[    0.801101] Loading compiled-in X.509 certificates
[    0.802347] Loaded X.509 cert 'Build time autogenerated kernel key: cf00e047681d67edb2720680708b7d9498083038'
[    0.804254] zswap: loaded using pool lzo/zbud
[    0.806823] Key type trusted registered
[    0.809860] Key type encrypted registered
[    0.811493] AppArmor: AppArmor sha1 policy hashing enabled
[    0.812637] ima: No TPM chip found, activating TPM-bypass!
[    0.813646] ima: Allocated hash algorithm: sha1
[    0.814515] evm: HMAC attrs: 0x1
[    0.815607]   Magic number: 14:921:536
[    0.816356] tty ttyS16: hash matches
[    0.817159] rtc_cmos rtc_cmos: setting system clock to 2022-07-26 14:31:34 UTC (1658845894)
[    0.819382] BIOS EDD facility v0.16 2004-Jun-25, 0 devices found
[    0.820802] EDD information not available.
[    0.947677] Freeing unused kernel memory: 1492K
[    0.949366] Write protecting the kernel read-only data: 14336k
[    0.951308] Freeing unused kernel memory: 1584K
[    0.952884] Freeing unused kernel memory: 52K
Loading, please wait...
starting version 229
[    0.963949] random: systemd-udevd: uninitialized urandom read (16 bytes read, 3 bits of entropy available)
[    0.964232] random: udevadm: uninitialized urandom read (16 bytes read, 3 bits of entropy available)
[    0.964247] random: udevadm: uninitialized urandom read (16 bytes read, 3 bits of entropy available)
[    0.970224] random: udevadm: uninitialized urandom read (16 bytes read, 3 bits of entropy available)
[    0.970257] random: udevadm: uninitialized urandom read (16 bytes read, 3 bits of entropy available)
[    0.970362] random: udevadm: uninitialized urandom read (16 bytes read, 3 bits of entropy available)
[    0.970399] random: udevadm: uninitialized urandom read (16 bytes read, 3 bits of entropy available)
[    0.970437] random: udevadm: uninitialized urandom read (16 bytes read, 3 bits of entropy available)
[    0.970475] random: udevadm: uninitialized urandom read (16 bytes read, 3 bits of entropy available)
[    0.970510] random: udevadm: uninitialized urandom read (16 bytes read, 3 bits of entropy available)
[    1.005340] e1000: Intel(R) PRO/1000 Network Driver - version 7.3.21-k8-NAPI
[    1.007121] e1000: Copyright (c) 1999-2006 Intel Corporation.
[    1.012164] Fusion MPT base driver 3.04.20
[    1.012976] Copyright (c) 1999-2008 LSI Corporation
[    1.025384] Fusion MPT SPI Host driver 3.04.20
[    1.028330] mptbase: ioc0: Initiating bringup
[    1.034946] AVX2 version of gcm_enc/dec engaged.
[    1.036086] AES CTR mode by8 optimization enabled
[    1.223772] input: ImExPS/2 Generic Explorer Mouse as /devices/platform/i8042/serio1/input/input4
[    1.227471] ioc0: LSI53C1030 A0: Capabilities={Initiator}
[    1.399791] scsi host2: ioc0: LSI53C1030 A0, FwRev=00000000h, Ports=1, MaxQ=256, IRQ=20
[    1.516891] scsi 2:0:0:0: Direct-Access     VBOX     HARDDISK         1.0  PQ: 0 ANSI: 5
[    1.520342] scsi target2:0:0: Beginning Domain Validation
[    1.523943] scsi target2:0:0: Domain Validation skipping write tests
[    1.525650] scsi target2:0:0: Ending Domain Validation
[    1.527216] scsi target2:0:0: asynchronous
[    1.529344] scsi 2:0:1:0: Direct-Access     VBOX     HARDDISK         1.0  PQ: 0 ANSI: 5
[    1.531904] scsi target2:0:1: Beginning Domain Validation
[    1.534555] scsi target2:0:1: Domain Validation skipping write tests
[    1.536261] scsi target2:0:1: Ending Domain Validation
[    1.537682] scsi target2:0:1: asynchronous
[    1.543900] sd 2:0:0:0: Attached scsi generic sg0 type 0
[    1.544018] sd 2:0:0:0: [sda] 83886080 512-byte logical blocks: (42.9 GB/40.0 GiB)
[    1.544122] sd 2:0:0:0: [sda] Write Protect is off
[    1.544185] sd 2:0:0:0: [sda] Incomplete mode parameter data
[    1.544187] sd 2:0:0:0: [sda] Assuming drive cache: write through
[    1.544771]  sda: sda1
[    1.545275] sd 2:0:0:0: [sda] Attached SCSI disk
[    1.563491] sd 2:0:1:0: Attached scsi generic sg1 type 0
[    1.565523] sd 2:0:1:0: [sdb] 20480 512-byte logical blocks: (10.5 MB/10.0 MiB)
[    1.567832] sd 2:0:1:0: [sdb] Write Protect is off
[    1.569156] sd 2:0:1:0: [sdb] Incomplete mode parameter data
[    1.570533] sd 2:0:1:0: [sdb] Assuming drive cache: write through
[    1.573600] sd 2:0:1:0: [sdb] Attached SCSI disk
[    2.034465] e1000 0000:00:03.0 eth0: (PCI:33MHz:32-bit) 02:be:82:6b:cc:1d
[    2.036838] e1000 0000:00:03.0 eth0: Intel(R) PRO/1000 Network Connection
[    2.676381] e1000 0000:00:08.0 eth1: (PCI:33MHz:32-bit) 08:00:27:8a:4c:12
[    2.678472] e1000 0000:00:08.0 eth1: Intel(R) PRO/1000 Network Connection
[    2.681178] e1000 0000:00:03.0 enp0s3: renamed from eth0
[    2.697451] e1000 0000:00:08.0 enp0s8: renamed from eth1
Begin: Loading essential drivers ... [    3.946501] md: linear personality registered for level -1
[    3.949635] md: multipath personality registered for level -4
[    3.952504] md: raid0 personality registered for level 0
[    3.956173] md: raid1 personality registered for level 1
[    4.027761] raid6: sse2x1   gen() 13446 MB/s
[    4.095368] raid6: sse2x1   xor()  8864 MB/s
[    4.163397] raid6: sse2x2   gen() 18186 MB/s
[    4.231377] raid6: sse2x2   xor() 12213 MB/s
[    4.299364] raid6: sse2x4   gen() 19945 MB/s
[    4.367529] raid6: sse2x4   xor() 12005 MB/s
[    4.451741] raid6: avx2x1   gen() 25912 MB/s
[    4.519570] raid6: avx2x2   gen() 33752 MB/s
[    4.587370] raid6: avx2x4   gen() 37168 MB/s
[    4.588672] raid6: using algorithm avx2x4 gen() 37168 MB/s
[    4.590259] raid6: using avx2x2 recovery algorithm
[    4.591946] xor: automatically using best checksumming function:
[    4.631266]    avx       : 29096.000 MB/sec
[    4.633281] async_tx: api initialized (async)
[    4.642111] md: raid6 personality registered for level 6
[    4.643754] md: raid5 personality registered for level 5
[    4.645042] md: raid4 personality registered for level 4
[    4.650951] md: raid10 personality registered for level 10
done.
Begin: Running /scripts/init-premount ... done.
Begin: Mounting root file system ... Begin: Running /scripts/local-top ... done.
Begin: Running /scripts/local-premount ... [    4.673446] Btrfs loaded
Scanning for Btrfs filesystems
done.
Warning: fsck not present, so skipping root file system
[    4.688120] EXT4-fs (sda1): mounted filesystem with ordered data mode. Opts: (null)
done.
Begin: Running /scripts/local-bottom ... done.
Begin: Running /scripts/init-bottom ... done.
[    4.730987] systemd[1]: systemd 229 running in system mode. (+PAM +AUDIT +SELINUX +IMA +APPARMOR +SMACK +SYSVINIT +UTMP +LIBCRYPTSETUP +GCRYPT +GNUTLS +ACL +XZ -LZ4 +SECCOMP +BLKID +ELFUTILS +KMOD -IDN)
[    4.734268] systemd[1]: Detected virtualization oracle.
[    4.735234] systemd[1]: Detected architecture x86-64.

Welcome to [1mUbuntu 16.04.7 LTS[0m!

[    4.737774] systemd[1]: Set hostname to <ubuntu>.
[    4.739970] systemd[1]: Initializing machine ID from random generator.
[    4.741142] systemd[1]: Installed transient /etc/machine-id file.
[    5.438740] systemd[1]: Listening on Journal Socket.
[[0;32m  OK  [0m] Listening on Journal Socket.
[    5.441028] systemd[1]: Reached target Swap.
[[0;32m  OK  [0m] Reached target Swap.
[    5.442922] systemd[1]: Reached target User and Group Name Lookups.
[[0;32m  OK  [0m] Reached target User and Group Name Lookups.
[    5.445461] systemd[1]: Reached target System Time Synchronized.
[[0;32m  OK  [0m] Reached target System Time Synchronized.
[    5.447814] systemd[1]: Started Trigger resolvconf update for networkd DNS.
[[0;32m  OK  [0m] Started Trigger resolvconf update for networkd DNS.
[    5.450273] systemd[1]: Listening on /dev/initctl Compatibility Named Pipe.
[[0;32m  OK  [0m] Listening on /dev/initctl Compatibility Named Pipe.
[    5.452820] systemd[1]: Created slice User and Session Slice.
[[0;32m  OK  [0m] Created slice User and Session Slice.
[    5.455083] systemd[1]: Created slice System Slice.
[[0;32m  OK  [0m] Created slice System Slice.
[    5.456933] systemd[1]: Reached target Slices.
[[0;32m  OK  [0m] Reached target Slices.
[    5.475824] systemd[1]: Starting Load Kernel Modules...
         Starting Load Kernel Modules...
[    5.478479] systemd[1]: Listening on Device-mapper event daemon FIFOs.
[[0;32m  OK  [0m] Listening on Device-mapper event daemon FIFOs.
[    5.482530] systemd[1]: Listening on LVM2 metadata daemon socket.
[[0;32m  OK  [0m] Listening on LVM2 metadata daemon socket.
[    5.484699] Loading iSCSI transport class v2.0-870.
[    5.485488] systemd[1]: Listening on Syslog Socket.
[[0;32m  OK  [0m] Listening on Syslog Socket.
[    5.487630] systemd[1]: Listening on fsck to fsckd communication Socket.
[[0;32m  OK  [0m] Listening on fsck to fsckd communication Socket.
[    5.490505] systemd[1]: Listening on udev Kernel Socket.
[    5.491720] iscsi: registered transport (tcp)
[[0;32m  OK  [0m] Listening on udev Kernel Socket.
[    5.494194] systemd[1]: Starting File System Check on Root Device...
         Starting File System Check on Root Device...
[    5.497822] systemd[1]: Starting Set console keymap...
         Starting Set console keymap...
[    5.501765] systemd[1]: Starting Uncomplicated firewall...
         Starting Uncomplicated firewall...
[    5.504531] systemd[1]: Listening on udev Control Socket.
[[0;32m  OK  [0m] Listening on udev Control Socket.
[    5.508055] systemd[1]: Mounting Debug File System...
         Mounting Debug File System...
[    5.512670] systemd[1]: Listening on Journal Audit Socket.
[[0;32m  OK  [0m] Listening on Journal Audit Socket.
[    5.514740] systemd[1]: Listening on LVM2 poll daemon socket.
[[0;32m  OK  [0m] Listening on LVM2 poll daemon socket.
[    5.518852] systemd[1]: Created slice system-serial\x2dgetty.slice.
[[0;32m  OK  [0m] Created slice system-serial\x2dgetty.slice.
[    5.521549] systemd[1]: Set up automount Arbitrary Executable File Formats File System Automount Point.
[[0;32m  OK  [0m] Set up automount Arbitrary Executab...ats File System Automount Point.
[    5.527996] systemd[1]: Mounting Huge Pages File System...
         Mounting Huge Pages File System...
[    5.531422] systemd[1]: Listening on Journal Socket (/dev/log).
[[0;32m  OK  [0m] Listening on Journal Socket (/dev/log).
[    5.534445] systemd[1]: Starting Journal Service...
[    5.535784] iscsi: registered transport (iser)
         Starting Journal Service...
[    5.538465] systemd[1]: Starting Create list of required static device nodes for the current kernel...
         Starting Create list of required st... nodes for the current kernel...
[    5.545034] systemd[1]: Reached target Encrypted Volumes.
[[0;32m  OK  [0m] Reached target Encrypted Volumes.
[    5.547731] systemd[1]: Mounting POSIX Message Queue File System...
         Mounting POSIX Message Queue File System...
[    5.550132] systemd[1]: Started Forward Password Requests to Wall Directory Watch.
[[0;32m  OK  [0m] Started Forward Password Requests to Wall Directory Watch.
[    5.553709] systemd[1]: Starting Monitoring of LVM2 mirrors, snapshots etc. using dmeventd or progress polling...
         Starting Monitoring of LVM2 mirrors... dmeventd or progress polling...
[    5.561871] systemd[1]: Starting Nameserver information manager...
         Starting Nameserver information manager...
[    5.566433] systemd[1]: Mounted Huge Pages File System.
[[0;32m  OK  [0m] Mounted Huge Pages File System.
[    5.568511] systemd[1]: Mounted POSIX Message Queue File System.
[[0;32m  OK  [0m] Mounted POSIX Message Queue File System.
[    5.570819] systemd[1]: Mounted Debug File System.
[[0;32m  OK  [0m] Mounted Debug File System.
[    5.579512] systemd[1]: Started Journal Service.
[[0;32m  OK  [0m] Started Journal Service.
[[0;32m  OK  [0m] Started Load Kernel Modules.
[[0;32m  OK  [0m] Started File System Check on Root Device.
[[0;32m  OK  [0m] Started Set console keymap.
[[0;32m  OK  [0m] Started Uncomplicated firewall.
[[0;32m  OK  [0m] Started Create list of required sta...ce nodes for the current kernel.
[[0;32m  OK  [0m] Started File System Check Daemon to report status.
[[0;32m  OK  [0m] Started LVM2 metadata daemon.
         Starting Create Static Device Nodes in /dev...
         Starting Remount Root and Kernel File Systems...
[    5.610547] EXT4-fs (sda1): re-mounted. Opts: (null)
         Starting Apply Kernel Variables...
         Mounting FUSE Control File System...
[    5.618383] random: nonblocking pool is initialized
[[0;32m  OK  [0m] Mounted FUSE Control File System.
[[0;32m  OK  [0m] Started Nameserver information manager.
[[0;32m  OK  [0m] Started Create Static Device Nodes in /dev.
[[0;32m  OK  [0m] Started Remount Root and Kernel File Systems.
[[0;32m  OK  [0m] Started Apply Kernel Variables.
         Starting udev Coldplug all Devices...
         Starting Flush Journal to Persistent Storage...
         Starting Load/Save Random Seed...
         Starting udev Kernel Device Manager...
[[0;32m  OK  [0m] Started Load/Save Random Seed.
[[0;32m  OK  [0m] Started Flush Journal to Persistent Storage.
[[0;32m  OK  [0m] Started udev Kernel Device Manager.
[[0;32m  OK  [0m] Started udev Coldplug all Devices.
[[0;32m  OK  [0m] Started Dispatch Password Requests to Console Directory Watch.
[[0;32m  OK  [0m] Started Monitoring of LVM2 mirrors,...ng dmeventd or progress polling.
[[0;32m  OK  [0m] Reached target Local File Systems (Pre).
[[0;32m  OK  [0m] Reached target Local File Systems.
         Starting Set console font and keymap...
         Starting Tell Plymouth To Write Out Runtime Data...
         Starting Initial cloud-init job (pre-networking)...
         Starting LSB: AppArmor initialization...
         Starting Commit a transient machine-id on disk...
         Starting Create Volatile Files and Directories...
[[0;32m  OK  [0m] Started Create Volatile Files and Directories.
[[0;32m  OK  [0m] Found device /dev/ttyS0.
[[0;32m  OK  [0m] Started Tell Plymouth To Write Out Runtime Data.
         Starting Update UTMP about System Boot/Shutdown...
[[0;32m  OK  [0m] Started Update UTMP about System Boot/Shutdown.
[[0;32m  OK  [0m] Started Commit a transient machine-id on disk.
[[0;32m  OK  [0m] Listening on Load/Save RF Kill Switch Status /dev/rfkill Watch.
[    6.266380] cloud-init[516]: Cloud-init v. 21.1-19-gbad84ad4-0ubuntu1~16.04.2 running 'init-local' at Tue, 26 Jul 2022 14:31:39 +0000. Up 6.03 seconds.
[[0;32m  OK  [0m] Started LSB: AppArmor initialization.
[[0;32m  OK  [0m] Started Initial cloud-init job (pre-networking).
[[0;32m  OK  [0m] Reached target Network (Pre).
         Starting Raise network interfaces...
         Starting Load AppArmor profiles managed internally by snapd...
[[0;32m  OK  [0m] Started Set console font and keymap.
[[0;32m  OK  [0m] Started Load AppArmor profiles managed internally by snapd.
[[0;32m  OK  [0m] Created slice system-getty.slice.
[[0;32m  OK  [0m] Started Raise network interfaces.
[[0;32m  OK  [0m] Reached target Network.
         Starting Initial cloud-init job (metadata service crawler)...
[    7.308950] cloud-init[950]: Cloud-init v. 21.1-19-gbad84ad4-0ubuntu1~16.04.2 running 'init' at Tue, 26 Jul 2022 14:31:40 +0000. Up 7.06 seconds.
[    7.316353] cloud-init[950]: ci-info: ++++++++++++++++++++++++++++++++++++++Net device info+++++++++++++++++++++++++++++++++++++++
[    7.324350] cloud-init[950]: ci-info: +--------+-------+----------------------------+---------------+--------+-------------------+
[    7.325440] cloud-init[950]: ci-info: | Device |   Up  |          Address           |      Mask     | Scope  |     Hw-Address    |
[    7.326847] cloud-init[950]: ci-info: +--------+-------+----------------------------+---------------+--------+-------------------+
[    7.328448] cloud-init[950]: ci-info: | enp0s3 |  True |         10.0.2.15          | 255.255.255.0 | global | 02:be:82:6b:cc:1d |
[    7.336966] [[0;32m  OK  [0m] Started Initial cloud-init job (metadata service crawler).
cloud-init[950]: ci-info: | enp0s3 |  True | fe80::be:82ff:fe6b:cc1d/64 |       .       |  link  | 02:be:82:6b:cc:1d |
[    7.339153] [cloud-init[0;32m  OK  [0m[950]: ] ci-info: | enp0s8 | False |             .              |       .       |   .    | 08:00:27:8a:4c:12 |Reached target Network is Online.

[    7.339497] cloud-init[950]: ci-info: |   lo   |  True |         127.0.0.1          |   255.0.0.0   |  host  |         .         |
[    7.342580] cloud-init[950]: ci-info: |   lo   |  True |          ::1/128           |       .       |  host  |         .         |
[    7.352865] cloud-init[950]: ci-info: +--------+-------+----------------------------+---------------+--------+-------------------+
[    7.361447]          Starting iSCSI initiator daemon (iscsid)...
cloud-init[950]: ci-info: +++++++++++++++++++++++++++Route IPv4 info++++++++++++++++++++++++++++
[    7.368236] [cloud-init[0;32m  OK  [0m[950]: ] ci-info: +-------+-------------+----------+---------------+-----------+-------+Reached target Cloud-config availability.

[[0;32m  OK  [0m] Reached target System Initialization.
[    7.369063] [cloud-init[0;32m  OK  [0m[950]: ] ci-info: | Route | Destination | Gateway  |    Genmask    | Interface | Flags |Listening on ACPID Listen Socket.

[    7.373271]          cloud-initStarting Socket activation for snappy daemon.[950]: 
ci-info: +-------+-------------+----------+---------------+-----------+-------+
[    7.376235] [[0;32m  OK  [0m] Started Message of the Day.
[[0;32m  OK  [0m] Listening on D-Bus System Message Bus Socket.
[[0;32m  OK  [0m] Started Daily apt download activities.
[[0;32m  OK  [0m] Started Daily Cleanup of Temporary Directories.
cloud-init[950]: ci-info: |   0   |   0.0.0.0   | 10.0.2.2 |    0.0.0.0    |   enp0s3  |   UG  |
[    7.380513] cloud-init[950]: ci-info: |   1   |   10.0.2.0  | 0.0.0.0  | 255.255.255.0 |   enp0s3  |   U   |
[    7.380743] [cloud-init[0;32m  OK  [0m[950]: ] ci-info: +-------+-------------+----------+---------------+-----------+-------+Listening on UUID daemon activation socket.

[    7.380791] cloud-init[950]: ci-info: +++++++++++++++++++Route IPv6 info+++++++++++++++++++
[    7.396719] cloud-init[950]: ci-info: +-------+-------------+---------+-----------+-------+
[    7.396960] [cloud-init[0;32m  OK  [0m[950]: ] ci-info: | Route | Destination | Gateway | Interface | Flags |Started Daily apt upgrade and clean activities.

[    7.397013] cloud-init[950]: ci-info: +-------+-------------+---------+-----------+-------+
[    7.399715] cloud-init[950]: ci-info: |   0   |  fe80::/64  |    ::   |   enp0s3  |   U   |
[    7.400541] cloud-init[950]: ci-info: |   3   |   ff00::/8  |    ::   |   enp0s3  |   U   |
[[0;32m  OK  [0m] Started Ubuntu Advantage update messaging.
[    7.400811] cloud-init[950]: ci-info: +-------+-------------+---------+-----------+-------+
[    7.403703] cloud-init[950]: Generating public/private rsa key pair.
[    7.404501] cloud-init[950]: Your identification has been saved in /etc/ssh/ssh_host_rsa_key.
[    7.405078] cloud-init[950]: Your public key has been saved in /etc/ssh/ssh_host_rsa_key.pub.
[    7.405664] cloud-init[950]: The key fingerprint is:
[    7.405968] cloud-init[950]: SHA256:s4lWbLm4teM6bgc5Nv0m9dJ7XA0pjXcsLusBdH1nEAs root@ubuntu-xenial
[    7.406570] cloud-init[950]: The key's randomart image is:
[    7.406893] cloud-init[950]: +---[RSA 2048]----+
[    7.407099] cloud-init[950]: |            E o. |
[    7.407505] cloud-init[950]: |             o o |
[    7.408255] cloud-init[950]: |          . .ooo+|
[    7.408834] cloud-init[950]: |       . o .o *o+|
[    7.409419] cloud-init[950]: |       oS .  + +.|
[    7.410004] cloud-init[950]: |      *=.=... . o|
[    7.410590] cloud-init[950]: |     .++=o o.+ . |
[    7.411214] cloud-init[950]: |     .oo+.+ +.o  |
[    7.411823] cloud-init[950]: |     o+=o+ ooo   |
[    7.412602] cloud-init[950]: +----[SHA256]-----+
[    7.413175] cloud-init[950]: Generating public/private dsa key pair.
[    7.413772] cloud-init[950]: Your identification has been saved in /etc/ssh/ssh_host_dsa_key.
[    7.414348] cloud-init[950]: Your public key has been saved in /etc/ssh/ssh_host_dsa_key.pub.
[    7.414943] cloud-init[950]: The key fingerprint is:
[    7.415508] cloud-init[950]: SHA256:Q4XuzCHyW4U+/Kav57FojsC3RBngVHcXPbphCYlmRHw root@ubuntu-xenial
[    7.416289] cloud-init[950]: The key's randomart image is:
[    7.416831] cloud-init[950]: +---[DSA 1024]----+
[    7.417415] cloud-init[950]: |    o..++oo.oo   |
[    7.417976] cloud-init[950]: |   o . .*oE.  o  |
[    7.418519] cloud-init[950]: |    . .+.o . o . |
[    7.419087] cloud-init[950]: |    . .++ . =    |
[    7.419645] cloud-init[950]: |     ooBSo . o   |
[    7.420403] cloud-init[950]: |   . .. O.  .    |
[    7.420948] cloud-init[950]: |    o oo o.      |
[    7.421505] cloud-init[950]: |     +.o..+o     |
[    7.422092] cloud-init[950]: |      oo=B+      |
[    7.422639] cloud-init[950]: +----[SHA256]-----+
[    7.423196] cloud-init[950]: Generating public/private ecdsa key pair.
[    7.423786] cloud-init[950]: Your identification has been saved in /etc/ssh/ssh_host_ecdsa_key.
[    7.424532] cloud-init[950]: Your public key has been saved in /etc/ssh/ssh_host_ecdsa_key.pub.
[    7.425115] cloud-init[950]: The key fingerprint is:
[    7.425665] cloud-init[950]: SHA256:cetNtMO8N+vq+TP/wzSELzB1KrRqnObgNcn/eyBsFdM root@ubuntu-xenial
[    7.426220] cloud-init[950]: The key's randomart image is:
[    7.426784] cloud-init[950]: +---[ECDSA 256]---+
[    7.427351] cloud-init[950]: |              .  |
[    7.427905] cloud-init[950]: |           . + E |
[    7.428472] cloud-init[950]: |        . o + *  |
[    7.429017] cloud-init[950]: |         o X = . |
[    7.429568] cloud-init[950]: |        S * @ o  |
[    7.430112] cloud-init[950]: |       . % * = + |
[    7.430692] cloud-init[950]: |      . * = + B .|
[    7.431438] cloud-init[950]: |       . . . oo* |
[    7.431986] cloud-init[950]: |           .=**+=|
[    7.432566] cloud-init[950]: +----[SHA256]-----+
[    7.433106] cloud-init[950]: Generating public/private ed25519 key pair.
[    7.433660] cloud-init[950]: Your identification has been saved in /etc/ssh/ssh_host_ed25519_key.
[    7.434216] cloud-init[950]: Your public key has been saved in /etc/ssh/ssh_host_ed25519_key.pub.
[    7.434752] cloud-init[950]: The key fingerprint is:
[    7.435315] cloud-init[950]: SHA256:sU0Hr9+kiwNnt0ICcgJIssaegIDHaTSX/ibGSUnhpBI root@ubuntu-xenial
[    7.435871] cloud-init[950]: The key's randomart image is:
[    7.436441] cloud-init[950]: +--[ED25519 256]--+
[    7.436985] cloud-init[950]: |E=o.+o    .      |
[    7.437539] cloud-init[950]: |Bo**o      o     |
[    7.438228] cloud-init[950]: |==.+..  . . o    |
[    7.438654] cloud-init[950]: |+.. * o  = o     |
[    7.439205] cloud-init[950]: | o o * .S o   .  |
[    7.439784] cloud-init[950]: |    = o o +..+   |
[    7.440526] cloud-init[950]: |   . o   * .o..  |
[    7.441085] cloud-init[950]: |          o...   |
[    7.441632] cloud-init[950]: |          .o.    |
[    7.442193] cloud-init[950]: +----[SHA256]-----+
[[0;32m  OK  [0m] Reached target Timers.
[[0;32m  OK  [0m] Started ACPI Events Check.
[[0;32m  OK  [0m] Reached target Paths.
         Starting LXD - unix socket.
[[0;32m  OK  [0m] Listening on Socket activation for snappy daemon.
[[0;32m  OK  [0m] Listening on LXD - unix socket.
[[0;32m  OK  [0m] Started iSCSI initiator daemon (iscsid).
         Starting Login to default iSCSI targets...
[[0;32m  OK  [0m] Reached target Sockets.
[[0;32m  OK  [0m] Reached target Basic System.
[[0;32m  OK  [0m] Started Deferred execution scheduler.
         Starting /etc/rc.local Compatibility...
         Starting Pollinate to seed the pseudo random number generator...
         Starting LXD - container startup/shutdown...
[[0;32m  OK  [0m] Started FUSE filesystem for LXC.
[[0;32m  OK  [0m] Started Regular background program processing daemon.
         Starting Snap Daemon...
         Starting LSB: MD monitoring daemon...
         Starting Login Service...
[[0;32m  OK  [0m] Started ACPI event daemon.
         Starting LSB: Record successful boot for GRUB...
         Starting System Logging Service...
         Starting Virtualbox guest utils...
         Starting Accounts Service...
[[0;32m  OK  [0m] Started D-Bus System Message Bus.
[[0;32m  OK  [0m] Started System Logging Service.
[[0;32m  OK  [0m] Started /etc/rc.local Compatibility.
[[0;32m  OK  [0m] Started LXD - container startup/shutdown.
[[0;32m  OK  [0m] Started Login Service.
[[0;32m  OK  [0m] Started Unattended Upgrades Shutdown.
         Starting Authenticate and Authorize Users to Run Privileged Tasks...
[[0;32m  OK  [0m] Started LSB: Record successful boot for GRUB.
[[0;32m  OK  [0m] Started LSB: MD monitoring daemon.
[[0;32m  OK  [0m] Started Login to default iSCSI targets.
[[0;32m  OK  [0m] Reached target Remote File Systems (Pre).
[[0;32m  OK  [0m] Reached target Remote File Systems.
         Starting LSB: automatic crash report generation...
         Starting LSB: Set the CPU Frequency Scaling governor to "ondemand"...
         Starting LSB: daemon to balance interrupts for SMP systems...
         Starting Permit User Sessions...
[[0;32m  OK  [0m] Started Permit User Sessions.
         Starting Terminate Plymouth Boot Screen...
         Starting Hold until boot process finishes up...
[[0;32m  OK  [0m] Started Hold until boot process finishes up.
         Starting Set console scheme...
[[0;32m  OK  [0m] Started Serial Getty on ttyS0.
[[0;32m  OK  [0m] Started Getty on tty1.
[[0;32m  OK  [0m] Reached target Login Prompts.
[[0;32m  OK  [0m] Started Terminate Plymouth Boot Screen.
[[0;32m  OK  [0m] Started Set console scheme.
[[0;32m  OK  [0m] Started Authenticate and Authorize Users to Run Privileged Tasks.
[[0;32m  OK  [0m] Started Virtualbox guest utils.
[[0;32m  OK  [0m] Started Accounts Service.
[[0;32m  OK  [0m] Started LSB: automatic crash report generation.
[[0;32m  OK  [0m] Started LSB: Set the CPU Frequency Scaling governor to "ondemand".
[[0;32m  OK  [0m] Started LSB: daemon to balance interrupts for SMP systems.
[[0;32m  OK  [0m] Started Snap Daemon.
         Starting Wait until snapd is fully seeded...
[[0;32m  OK  [0m] Started Pollinate to seed the pseudo random number generator.
         Starting OpenBSD Secure Shell server...
[[0;32m  OK  [0m] Started OpenBSD Secure Shell server.
[[0;32m  OK  [0m] Started Wait until snapd is fully seeded.
         Starting Apply the settings specified in cloud-config...
[[0;32m  OK  [0m] Reached target Multi-User System.
[[0;32m  OK  [0m] Reached target Graphical Interface.
         Starting Update UTMP about System Runlevel Changes...
[[0;32m  OK  [0m] Started Update UTMP about System Runlevel Changes.
[    9.048195] cloud-init[1290]: Generating locales (this might take a while)...
[    9.529023] cloud-init[1290]:   en_US.UTF-8... done
[    9.536372] cloud-init[1290]: Generation complete.
[    9.697889] cloud-init[1290]: Cloud-init v. 21.1-19-gbad84ad4-0ubuntu1~16.04.2 running 'modules:config' at Tue, 26 Jul 2022 14:31:42 +0000. Up 8.99 seconds.
[[0;32m  OK  [0m] Started Apply the settings specified in cloud-config.
         Starting Execute cloud user/final scripts...
ci-info: no authorized SSH keys fingerprints found for user ubuntu.
<14>Jul 26 14:31:43 ec2: 
<14>Jul 26 14:31:43 ec2: #############################################################
<14>Jul 26 14:31:43 ec2: -----BEGIN SSH HOST KEY FINGERPRINTS-----
<14>Jul 26 14:31:43 ec2: 1024 SHA256:Q4XuzCHyW4U+/Kav57FojsC3RBngVHcXPbphCYlmRHw root@ubuntu-xenial (DSA)
<14>Jul 26 14:31:43 ec2: 256 SHA256:cetNtMO8N+vq+TP/wzSELzB1KrRqnObgNcn/eyBsFdM root@ubuntu-xenial (ECDSA)
<14>Jul 26 14:31:43 ec2: 256 SHA256:sU0Hr9+kiwNnt0ICcgJIssaegIDHaTSX/ibGSUnhpBI root@ubuntu-xenial (ED25519)
<14>Jul 26 14:31:43 ec2: 2048 SHA256:s4lWbLm4teM6bgc5Nv0m9dJ7XA0pjXcsLusBdH1nEAs root@ubuntu-xenial (RSA)
<14>Jul 26 14:31:43 ec2: -----END SSH HOST KEY FINGERPRINTS-----
<14>Jul 26 14:31:43 ec2: #############################################################
-----BEGIN SSH HOST KEY KEYS-----
ecdsa-sha2-nistp256 AAAAE2VjZHNhLXNoYTItbmlzdHAyNTYAAAAIbmlzdHAyNTYAAABBBJH3S8tla8V5FYAtWjZj/zivB+8p5mC+d2DEzfjZEL1exZMgNi35Y9hnykI+wQQt5/ZbGvE2e7bl0pT7OcnVlKE= root@ubuntu-xenial
ssh-ed25519 AAAAC3NzaC1lZDI1NTE5AAAAIDBaHB6YFe2T9UEGJmvoAe6yu1LgDGmyvSPrvT479/FS root@ubuntu-xenial
ssh-rsa AAAAB3NzaC1yc2EAAAADAQABAAABAQDGy0chzAa3CWqsTpRU52lspiDmTxQhqkIJy2EgWUvv2/q7u/CDSmPvnkG0/sIOTNVTtDkPGB/aHKqu7Zb6uR8UFrDzWKyWmLVl1UqSogaAvjBhilbMlZolADicUwF8QfN+yY2s7A9dmKIoYVbqoU/Zpy8t3zT02W2PjlMF64plxc60/0B/A48bgTC0sqUME6ZBw3JEaKOsNBMWYolgrn4oxdMpq/+JwxYaewfmpM6Ljd6P9bXfvgey762+sXaMSPkWLR8GW+6V3vFhYbFa/OohH4JG2DPrKQlFsYBqpoqn+0fYZCFV2/okfvVUAD/DE983+YNzokvf+uU+2xiLof9T root@ubuntu-xenial
-----END SSH HOST KEY KEYS-----
[   10.013690] cloud-init[1333]: Cloud-init v. 21.1-19-gbad84ad4-0ubuntu1~16.04.2 running 'modules:final' at Tue, 26 Jul 2022 14:31:43 +0000. Up 9.91 seconds.
[   10.015508] cloud-init[1333]: ci-info: no authorized SSH keys fingerprints found for user ubuntu.
[   10.024460] cloud-init[1333]: Cloud-init v. 21.1-19-gbad84ad4-0ubuntu1~16.04.2 finished at Tue, 26 Jul 2022 14:31:43 +0000. Datasource DataSourceNoCloud [seed=/dev/sdb][dsmode=net].  Up 10.00 seconds
[[0;32m  OK  [0m] Started Execute cloud user/final scripts.
[[0;32m  OK  [0m] Reached target Cloud-init target.

Ubuntu 16.04.7 LTS ubuntu-xenial ttyS0

ubuntu-xenial login: [[0;32m  OK  [0m] Closed Load/Save RF Kill Switch Status /dev/rfkill Watch.
         Stopping Session 6 of user vagrant.
         Stopping Authenticate and Authorize Users to Run Privileged Tasks...
[[0;32m  OK  [0m] Stopped target Timers.
[[0;32m  OK  [0m] Stopped Daily Cleanup of Temporary Directories.
[[0;32m  OK  [0m] Stopped Daily apt upgrade and clean activities.
         Stopping User Manager for UID 1000...
[[0;32m  OK  [0m] Stopped Message of the Day.
[[0;32m  OK  [0m] Stopped target Graphical Interface.
         Stopping Accounts Service...
[[0;32m  OK  [0m] Stopped Ubuntu Advantage Timer for running repeated jobs.
[[0;32m  OK  [0m] Stopped Daily apt download activities.
[[0;32m  OK  [0m] Stopped target System Time Synchronized.
[[0;32m  OK  [0m] Stopped target Cloud-init target.
[[0;32m  OK  [0m] Stopped Execute cloud user/final scripts.
[[0;32m  OK  [0m] Stopped Apply the settings specified in cloud-config.
[[0;32m  OK  [0m] Stopped target Cloud-config availability.
[[0;32m  OK  [0m] Stopped target Multi-User System.
         Stopping D-Bus System Message Bus...
         Stopping FUSE filesystem for LXC...
         Stopping A high performance web server and a reverse proxy server...
[[0;32m  OK  [0m] Stopped Wait until snapd is fully seeded.
         Stopping vboxadd-service.service...
         Stopping LSB: MD monitoring daemon...
[[0;32m  OK  [0m] Stopped target Login Prompts.
         Stopping Getty on tty1...
         Stopping LSB: automatic crash report generation...
         Stopping LSB: Record successful boot for GRUB...
         Stopping Deferred execution scheduler...
         Stopping System Logging Service...
         Stopping LSB: Set the CPU Frequency Scaling governor to "ondemand"...
         Stopping ACPI event daemon...
         Stopping LSB: daemon to balance interrupts for SMP systems...
         Stopping OpenBSD Secure Shell server...
         Stopping Serial Getty on ttyS0...
         Stopping LXD - container startup/shutdown...
         Stopping Regular background program processing daemon...
[[0;32m  OK  [0m] Unmounted /var/lib/lxcfs.
[[0;32m  OK  [0m] Stopped Deferred execution scheduler.
[[0;32m  OK  [0m] Stopped Regular background program processing daemon.
[[0;32m  OK  [0m] Stopped System Logging Service.
[[0;32m  OK  [0m] Stopped Accounts Service.
[[0;32m  OK  [0m] Stopped Authenticate and Authorize Users to Run Privileged Tasks.
[[0;32m  OK  [0m] Stopped Serial Getty on ttyS0.
[[0;32m  OK  [0m] Stopped Getty on tty1.
[[0;32m  OK  [0m] Stopped OpenBSD Secure Shell server.
[[0;32m  OK  [0m] Stopped User Manager for UID 1000.
[[0;32m  OK  [0m] Stopped D-Bus System Message Bus.
[[0;32m  OK  [0m] Stopped Session 6 of user vagrant.
[[0;32m  OK  [0m] Stopped FUSE filesystem for LXC.
[[0;32m  OK  [0m] Stopped A high performance web server and a reverse proxy server.
[[0;32m  OK  [0m] Stopped ACPI event daemon.
[[0;32m  OK  [0m] Stopped vboxadd-service.service.
[[0;32m  OK  [0m] Stopped LXD - container startup/shutdown.
[[0;32m  OK  [0m] Stopped LSB: MD monitoring daemon.
[[0;32m  OK  [0m] Stopped LSB: Record successful boot for GRUB.
[[0;32m  OK  [0m] Stopped LSB: automatic crash report generation.
[[0;32m  OK  [0m] Stopped LSB: Set the CPU Frequency Scaling governor to "ondemand".
[[0;32m  OK  [0m] Stopped LSB: daemon to balance interrupts for SMP systems.
         Stopping vboxadd.service...
[[0;32m  OK  [0m] Removed slice User Slice of vagrant.
         Stopping Login Service...
[[0;32m  OK  [0m] Removed slice system-getty.slice.
         Stopping Permit User Sessions...
[[0;32m  OK  [0m] Removed slice system-serial\x2dgetty.slice.
[[0;32m  OK  [0m] Stopped /etc/rc.local Compatibility.
[[0;32m  OK  [0m] Stopped Permit User Sessions.
[[0;32m  OK  [0m] Stopped User Manager for UID 1000.
[[0;32m  OK  [0m] Stopped target Remote File Systems.
         Unmounting /vagrant...
[[0;32m  OK  [0m] Stopped vboxadd.service.
[[0;32m  OK  [0m] Unmounted /vagrant.
[[0;32m  OK  [0m] Stopped Login Service.
[[0;32m  OK  [0m] Stopped target User and Group Name Lookups.
[[0;32m  OK  [0m] Stopped target Remote File Systems (Pre).
         Stopping Login to default iSCSI targets...
[[0;32m  OK  [0m] Stopped target Basic System.
[[0;32m  OK  [0m] Stopped target Sockets.
[[0;32m  OK  [0m] Closed Socket activation for snappy daemon.
[[0;32m  OK  [0m] Closed LXD - unix socket.
[[0;32m  OK  [0m] Closed D-Bus System Message Bus Socket.
[[0;32m  OK  [0m] Closed ACPID Listen Socket.
[[0;32m  OK  [0m] Closed Syslog Socket.
[[0;32m  OK  [0m] Closed UUID daemon activation socket.
[[0;32m  OK  [0m] Stopped target Paths.
[[0;32m  OK  [0m] Stopped Dispatch Password Requests to Console Directory Watch.
[[0;32m  OK  [0m] Stopped Forward Password Requests to Wall Directory Watch.
[[0;32m  OK  [0m] Stopped ACPI Events Check.
[[0;32m  OK  [0m] Stopped target Slices.
[[0;32m  OK  [0m] Removed slice User and Session Slice.
[[0;32m  OK  [0m] Stopped target System Initialization.
[[0;32m  OK  [0m] Stopped Create Volatile Files and Directories.
[[0;32m  OK  [0m] Stopped target Swap.
         Stopping Load/Save Random Seed...
[[0;32m  OK  [0m] Stopped target Encrypted Volumes.
[[0;32m  OK  [0m] Stopped Commit a transient machine-id on disk.
[[0;32m  OK  [0m] Stopped Load/Save Random Seed.
[[0;32m  OK  [0m] Stopped Login to default iSCSI targets.
         Stopping iSCSI initiator daemon (iscsid)...
[[0;32m  OK  [0m] Stopped iSCSI initiator daemon (iscsid).
[[0;32m  OK  [0m] Stopped target Network is Online.
[[0;32m  OK  [0m] Stopped Initial cloud-init job (metadata service crawler).
[[0;32m  OK  [0m] Stopped target Network.
         Stopping Raise network interfaces...
[[0;32m  OK  [0m] Stopped Raise network interfaces.
[[0;32m  OK  [0m] Stopped target Local File Systems.
         Unmounting /run/user/1000...
[[0;32m  OK  [0m] Stopped Apply Kernel Variables.
[[0;32m  OK  [0m] Stopped Load Kernel Modules.
[[0;32m  OK  [0m] Stopped target Network (Pre).
[[0;32m  OK  [0m] Stopped Initial cloud-init job (pre-networking).
[[0;32m  OK  [0m] Unmounted /run/user/1000.
[[0;32m  OK  [0m] Reached target Unmount All Filesystems.
[[0;32m  OK  [0m] Stopped target Local File Systems (Pre).
[[0;32m  OK  [0m] Stopped Create Static Device Nodes in /dev.
         Stopping Monitoring of LVM2 mirrors... dmeventd or progress polling...
[[0;32m  OK  [0m] Stopped Remount Root and Kernel File Systems.
[[0;32m  OK  [0m] Reached target Shutdown.
[ 7877.897283] reboot: Power down
